<?xml version="1.0" encoding="utf-8"?><testsuites name="pytest tests"><testsuite name="pytest" errors="0" failures="0" skipped="0" tests="2" time="9.456" timestamp="2026-02-17T15:22:09.174949+05:30" hostname="Shyam"><testcase classname="tests.test_model" name="test_create_model_forward_pass" time="0.208" /><testcase classname="tests.test_preprocess" name="test_preprocess_image_returns_tensor_and_shape" time="0.033" /></testsuite></testsuites>